Configuration file: /app/_config.yml
            Source: /app
       Destination: /app/_site
 Incremental build: disabled. Enable with --incremental
      Generating...
       Jekyll Feed: Generating feed for posts
                    done in 22.648 seconds.
 Auto-regeneration: enabled for '.'
    Server address: http://0.0.0.0:4000
  Server running... press ctrl-c to stop.
      Regenerating: 1 file(s) changed at 2026-02-23 06:02:30
                    jekyll.log
       Jekyll Feed: Generating feed for posts
                    ...done in 15.868974142 seconds.

      Regenerating: 1 file(s) changed at 2026-02-23 06:02:46
                    jekyll.log
       Jekyll Feed: Generating feed for posts
                    ...done in 13.760587944 seconds.

      Regenerating: 2 file(s) changed at 2026-02-23 06:03:00
                    jekyll.log
                    verification/verify_hosting.py
       Jekyll Feed: Generating feed for posts
                    ...done in 13.578157639 seconds.

      Regenerating: 1 file(s) changed at 2026-02-23 06:03:14
                    jekyll.log
       Jekyll Feed: Generating feed for posts
                    ...done in 13.59097895 seconds.

      Regenerating: 1 file(s) changed at 2026-02-23 06:03:28
                    jekyll.log
       Jekyll Feed: Generating feed for posts
                    ...done in 17.019097914 seconds.

      Regenerating: 1 file(s) changed at 2026-02-23 06:03:45
                    jekyll.log
       Jekyll Feed: Generating feed for posts
                    ...done in 14.29685972 seconds.

      Regenerating: 1 file(s) changed at 2026-02-23 06:03:59
                    jekyll.log
       Jekyll Feed: Generating feed for posts
                    ...done in 14.231112558 seconds.

      Regenerating: 3 file(s) changed at 2026-02-23 06:04:14
                    jekyll.log
                    verification/verify_hosting.py
                    verification/hosting_page.png
       Jekyll Feed: Generating feed for posts
                    ...done in 14.442387814 seconds.

      Regenerating: 1 file(s) changed at 2026-02-23 06:04:28
                    jekyll.log
       Jekyll Feed: Generating feed for posts
[31m                    ------------------------------------------------[0m
[31m      Jekyll 4.4.1   Please append `--trace` to the `serve` command [0m
[31m                     for any additional information or backtrace. [0m
[31m                    ------------------------------------------------[0m
/home/jules/.local/share/gem/ruby/3.2.0/gems/jekyll-4.4.1/lib/jekyll/commands/serve.rb:291:in `join': SIGTERM (SignalException)
	from /home/jules/.local/share/gem/ruby/3.2.0/gems/jekyll-4.4.1/lib/jekyll/commands/serve.rb:291:in `boot_or_detach'
	from /home/jules/.local/share/gem/ruby/3.2.0/gems/jekyll-4.4.1/lib/jekyll/commands/serve.rb:221:in `start_up_webrick'
	from /home/jules/.local/share/gem/ruby/3.2.0/gems/jekyll-4.4.1/lib/jekyll/commands/serve.rb:102:in `process'
	from /home/jules/.local/share/gem/ruby/3.2.0/gems/jekyll-4.4.1/lib/jekyll/command.rb:91:in `block in process_with_graceful_fail'
	from /home/jules/.local/share/gem/ruby/3.2.0/gems/jekyll-4.4.1/lib/jekyll/command.rb:91:in `each'
	from /home/jules/.local/share/gem/ruby/3.2.0/gems/jekyll-4.4.1/lib/jekyll/command.rb:91:in `process_with_graceful_fail'
	from /home/jules/.local/share/gem/ruby/3.2.0/gems/jekyll-4.4.1/lib/jekyll/commands/serve.rb:85:in `block (2 levels) in init_with_program'
	from /home/jules/.local/share/gem/ruby/3.2.0/gems/mercenary-0.4.0/lib/mercenary/command.rb:221:in `block in execute'
	from /home/jules/.local/share/gem/ruby/3.2.0/gems/mercenary-0.4.0/lib/mercenary/command.rb:221:in `each'
	from /home/jules/.local/share/gem/ruby/3.2.0/gems/mercenary-0.4.0/lib/mercenary/command.rb:221:in `execute'
	from /home/jules/.local/share/gem/ruby/3.2.0/gems/mercenary-0.4.0/lib/mercenary/program.rb:44:in `go'
	from /home/jules/.local/share/gem/ruby/3.2.0/gems/mercenary-0.4.0/lib/mercenary.rb:21:in `program'
	from /home/jules/.local/share/gem/ruby/3.2.0/gems/jekyll-4.4.1/exe/jekyll:15:in `<top (required)>'
	from /home/jules/.local/share/gem/ruby/3.2.0/bin/jekyll:25:in `load'
	from /home/jules/.local/share/gem/ruby/3.2.0/bin/jekyll:25:in `<main>'
